core_cm4.h:1688:22:__NVIC_EnableIRQ	16	static
core_cm4.h:1816:22:__NVIC_SetPriority	16	static
main.c:148:6:USART2_IRQHandler	8	static
main.c:152:6:HAL_UART_RxCpltCallback	16	static
main.c:158:6:TIM2_IRQHandler	8	static
main.c:163:6:TIM3_IRQHandler	8	static
main.c:168:6:TIM6_DAC_IRQHandler	8	static
main.c:172:6:HAL_TIM_PeriodElapsedCallback	16	static
main.c:344:6:MPU6050_Init	24	static
main.c:370:6:MPU6050_getStatus	24	static
main.c:379:6:MPU6050_Read_Accel	40	static
main.c:411:6:MPU6050_Read_Gyro	24	static
main.c:441:6:MPU6050_Calibration	16	static
main.c:466:6:complementaryFilter	16	static
main.c:477:5:main	120	static,ignoring_inline_asm
main.c:625:6:SystemClock_Config	88	static
main.c:671:13:MX_I2C1_Init	8	static
main.c:705:13:MX_TIM2_Init	64	static
main.c:764:13:MX_TIM3_Init	64	static
main.c:823:13:MX_TIM6_Init	16	static
main.c:862:13:MX_USART2_UART_Init	8	static
main.c:895:13:MX_GPIO_Init	48	static
main.c:931:6:read_UART_input	8	static
main.c:944:6:Error_Handler	4	static,ignoring_inline_asm
