core_cm4.h:1688:22:__NVIC_EnableIRQ	16	static
core_cm4.h:1816:22:__NVIC_SetPriority	16	static
main.c:156:6:USART2_IRQHandler	8	static
main.c:160:6:USART1_IRQHandler	8	static
main.c:164:6:HAL_UART_RxCpltCallback	16	static
main.c:170:6:TIM2_IRQHandler	8	static
main.c:175:6:TIM3_IRQHandler	8	static
main.c:180:6:TIM6_DAC_IRQHandler	8	static
main.c:184:6:HAL_TIM_PeriodElapsedCallback	16	static
main.c:196:6:complementaryFilter	16	static
main.c:207:5:main	120	static,ignoring_inline_asm
main.c:374:6:SystemClock_Config	88	static
main.c:420:13:MX_I2C1_Init	8	static
main.c:454:13:MX_TIM2_Init	64	static
main.c:513:13:MX_TIM3_Init	64	static
main.c:572:13:MX_TIM6_Init	16	static
main.c:611:13:MX_USART1_UART_Init	8	static
main.c:644:13:MX_USART2_UART_Init	8	static
main.c:677:13:MX_GPIO_Init	48	static
main.c:713:6:read_UART_input	8	static
main.c:722:6:read_UART1_input	8	static
main.c:735:6:Error_Handler	4	static,ignoring_inline_asm
