Archive member included to satisfy reference by file (symbol)

c:/st/stm32cubeide_1.6.0/stm32cubeide/plugins/com.st.stm32cube.ide.mcu.externaltools.gnu-tools-for-stm32.9-2020-q2-update.win32_1.5.0.202011040924/tools/bin/../lib/gcc/arm-none-eabi/9.3.1/../../../../arm-none-eabi/lib/thumb/v7e-m+fp/hard\libc_nano.a(lib_a-errno.o)
                              Core/Src/syscalls.o (__errno)
c:/st/stm32cubeide_1.6.0/stm32cubeide/plugins/com.st.stm32cube.ide.mcu.externaltools.gnu-tools-for-stm32.9-2020-q2-update.win32_1.5.0.202011040924/tools/bin/../lib/gcc/arm-none-eabi/9.3.1/../../../../arm-none-eabi/lib/thumb/v7e-m+fp/hard\libc_nano.a(lib_a-exit.o)
                              c:/st/stm32cubeide_1.6.0/stm32cubeide/plugins/com.st.stm32cube.ide.mcu.externaltools.gnu-tools-for-stm32.9-2020-q2-update.win32_1.5.0.202011040924/tools/bin/../lib/gcc/arm-none-eabi/9.3.1/../../../../arm-none-eabi/lib/thumb/v7e-m+fp/hard/crt0.o (exit)
c:/st/stm32cubeide_1.6.0/stm32cubeide/plugins/com.st.stm32cube.ide.mcu.externaltools.gnu-tools-for-stm32.9-2020-q2-update.win32_1.5.0.202011040924/tools/bin/../lib/gcc/arm-none-eabi/9.3.1/../../../../arm-none-eabi/lib/thumb/v7e-m+fp/hard\libc_nano.a(lib_a-impure.o)
                              c:/st/stm32cubeide_1.6.0/stm32cubeide/plugins/com.st.stm32cube.ide.mcu.externaltools.gnu-tools-for-stm32.9-2020-q2-update.win32_1.5.0.202011040924/tools/bin/../lib/gcc/arm-none-eabi/9.3.1/../../../../arm-none-eabi/lib/thumb/v7e-m+fp/hard\libc_nano.a(lib_a-exit.o) (_global_impure_ptr)
c:/st/stm32cubeide_1.6.0/stm32cubeide/plugins/com.st.stm32cube.ide.mcu.externaltools.gnu-tools-for-stm32.9-2020-q2-update.win32_1.5.0.202011040924/tools/bin/../lib/gcc/arm-none-eabi/9.3.1/../../../../arm-none-eabi/lib/thumb/v7e-m+fp/hard\libc_nano.a(lib_a-init.o)
                              c:/st/stm32cubeide_1.6.0/stm32cubeide/plugins/com.st.stm32cube.ide.mcu.externaltools.gnu-tools-for-stm32.9-2020-q2-update.win32_1.5.0.202011040924/tools/bin/../lib/gcc/arm-none-eabi/9.3.1/../../../../arm-none-eabi/lib/thumb/v7e-m+fp/hard/crt0.o (__libc_init_array)
c:/st/stm32cubeide_1.6.0/stm32cubeide/plugins/com.st.stm32cube.ide.mcu.externaltools.gnu-tools-for-stm32.9-2020-q2-update.win32_1.5.0.202011040924/tools/bin/../lib/gcc/arm-none-eabi/9.3.1/../../../../arm-none-eabi/lib/thumb/v7e-m+fp/hard\libc_nano.a(lib_a-memset.o)
                              c:/st/stm32cubeide_1.6.0/stm32cubeide/plugins/com.st.stm32cube.ide.mcu.externaltools.gnu-tools-for-stm32.9-2020-q2-update.win32_1.5.0.202011040924/tools/bin/../lib/gcc/arm-none-eabi/9.3.1/../../../../arm-none-eabi/lib/thumb/v7e-m+fp/hard/crt0.o (memset)
c:/st/stm32cubeide_1.6.0/stm32cubeide/plugins/com.st.stm32cube.ide.mcu.externaltools.gnu-tools-for-stm32.9-2020-q2-update.win32_1.5.0.202011040924/tools/bin/../lib/gcc/arm-none-eabi/9.3.1/thumb/v7e-m+fp/hard\libgcc.a(_arm_muldf3.o)
                              Core/Src/custom_lib/ADC_sensor.o (__aeabi_dmul)
c:/st/stm32cubeide_1.6.0/stm32cubeide/plugins/com.st.stm32cube.ide.mcu.externaltools.gnu-tools-for-stm32.9-2020-q2-update.win32_1.5.0.202011040924/tools/bin/../lib/gcc/arm-none-eabi/9.3.1/thumb/v7e-m+fp/hard\libgcc.a(_arm_addsubdf3.o)
                              Core/Src/custom_lib/ADC_sensor.o (__aeabi_dsub)
c:/st/stm32cubeide_1.6.0/stm32cubeide/plugins/com.st.stm32cube.ide.mcu.externaltools.gnu-tools-for-stm32.9-2020-q2-update.win32_1.5.0.202011040924/tools/bin/../lib/gcc/arm-none-eabi/9.3.1/thumb/v7e-m+fp/hard\libgcc.a(_arm_muldivdf3.o)
                              Core/Src/custom_lib/ADC_sensor.o (__aeabi_ddiv)
c:/st/stm32cubeide_1.6.0/stm32cubeide/plugins/com.st.stm32cube.ide.mcu.externaltools.gnu-tools-for-stm32.9-2020-q2-update.win32_1.5.0.202011040924/tools/bin/../lib/gcc/arm-none-eabi/9.3.1/thumb/v7e-m+fp/hard\libgcc.a(_arm_truncdfsf2.o)
                              Core/Src/custom_lib/ADC_sensor.o (__aeabi_d2f)
c:/st/stm32cubeide_1.6.0/stm32cubeide/plugins/com.st.stm32cube.ide.mcu.externaltools.gnu-tools-for-stm32.9-2020-q2-update.win32_1.5.0.202011040924/tools/bin/../lib/gcc/arm-none-eabi/9.3.1/thumb/v7e-m+fp/hard\libgcc.a(_aeabi_uldivmod.o)
                              Drivers/STM32F4xx_HAL_Driver/Src/stm32f4xx_hal_rcc.o (__aeabi_uldivmod)
c:/st/stm32cubeide_1.6.0/stm32cubeide/plugins/com.st.stm32cube.ide.mcu.externaltools.gnu-tools-for-stm32.9-2020-q2-update.win32_1.5.0.202011040924/tools/bin/../lib/gcc/arm-none-eabi/9.3.1/thumb/v7e-m+fp/hard\libgcc.a(_udivmoddi4.o)
                              c:/st/stm32cubeide_1.6.0/stm32cubeide/plugins/com.st.stm32cube.ide.mcu.externaltools.gnu-tools-for-stm32.9-2020-q2-update.win32_1.5.0.202011040924/tools/bin/../lib/gcc/arm-none-eabi/9.3.1/thumb/v7e-m+fp/hard\libgcc.a(_aeabi_uldivmod.o) (__udivmoddi4)
c:/st/stm32cubeide_1.6.0/stm32cubeide/plugins/com.st.stm32cube.ide.mcu.externaltools.gnu-tools-for-stm32.9-2020-q2-update.win32_1.5.0.202011040924/tools/bin/../lib/gcc/arm-none-eabi/9.3.1/thumb/v7e-m+fp/hard\libgcc.a(_dvmd_tls.o)
[...]
Memory Configuration

Name             Origin             Length             Attributes
RAM              0x0000000020000000 0x0000000000020000 xrw
FLASH            0x0000000008000000 0x0000000000080000 xr
*default*        0x0000000000000000 0xffffffffffffffff

Linker script and memory map

LOAD c:/st/stm32cubeide_1.6.0/stm32cubeide/plugins/com.st.stm32cube.ide.mcu.externaltools.gnu-tools-for-stm32.9-2020-q2-update.win32_1.5.0.202011040924/tools/bin/../lib/gcc/arm-none-eabi/9.3.1/thumb/v7e-m+fp/hard/crti.o
LOAD c:/st/stm32cubeide_1.6.0/stm32cubeide/plugins/com.st.stm32cube.ide.mcu.externaltools.gnu-tools-for-stm32.9-2020-q2-update.win32_1.5.0.202011040924/tools/bin/../lib/gcc/arm-none-eabi/9.3.1/thumb/v7e-m+fp/hard/crtbegin.o
LOAD c:/st/stm32cubeide_1.6.0/stm32cubeide/plugins/com.st.stm32cube.ide.mcu.externaltools.gnu-tools-for-stm32.9-2020-q2-update.win32_1.5.0.202011040924/tools/bin/../lib/gcc/arm-none-eabi/9.3.1/../../../../arm-none-eabi/lib/thumb/v7e-m+fp/hard/crt0.o
LOAD Core/Src/custom_lib/ADC_sensor.o
LOAD Core/Src/custom_lib/avg_lib.o
LOAD Core/Src/main.o
LOAD Core/Src/stm32f4xx_hal_msp.o
LOAD Core/Src/stm32f4xx_it.o
LOAD Core/Src/syscalls.o
LOAD Core/Src/sysmem.o
LOAD Core/Src/system_stm32f4xx.o
LOAD Core/Startup/startup_stm32f446retx.o
LOAD Drivers/STM32F4xx_HAL_Driver/Src/stm32f4xx_hal.o
LOAD Drivers/STM32F4xx_HAL_Driver/Src/stm32f4xx_hal_adc.o
LOAD Drivers/STM32F4xx_HAL_Driver/Src/stm32f4xx_hal_adc_ex.o
LOAD Drivers/STM32F4xx_HAL_Driver/Src/stm32f4xx_hal_cortex.o
LOAD Drivers/STM32F4xx_HAL_Driver/Src/stm32f4xx_hal_dma.o
LOAD Drivers/STM32F4xx_HAL_Driver/Src/stm32f4xx_hal_dma_ex.o
LOAD Drivers/STM32F4xx_HAL_Driver/Src/stm32f4xx_hal_exti.o
LOAD Drivers/STM32F4xx_HAL_Driver/Src/stm32f4xx_hal_flash.o
LOAD Drivers/STM32F4xx_HAL_Driver/Src/stm32f4xx_hal_flash_ex.o
LOAD Drivers/STM32F4xx_HAL_Driver/Src/stm32f4xx_hal_flash_ramfunc.o
LOAD Drivers/STM32F4xx_HAL_Driver/Src/stm32f4xx_hal_gpio.o
LOAD Drivers/STM32F4xx_HAL_Driver/Src/stm32f4xx_hal_pwr.o
LOAD Drivers/STM32F4xx_HAL_Driver/Src/stm32f4xx_hal_pwr_ex.o
LOAD Drivers/STM32F4xx_HAL_Driver/Src/stm32f4xx_hal_rcc.o
LOAD Drivers/STM32F4xx_HAL_Driver/Src/stm32f4xx_hal_rcc_ex.o
LOAD Drivers/STM32F4xx_HAL_Driver/Src/stm32f4xx_hal_tim.o
LOAD Drivers/STM32F4xx_HAL_Driver/Src/stm32f4xx_hal_tim_ex.o
LOAD Drivers/STM32F4xx_HAL_Driver/Src/stm32f4xx_hal_uart.o
LOAD Drivers/STM32F4xx_HAL_Driver/Src/stm32f4xx_ll_adc.o
START GROUP
LOAD c:/st/stm32cubeide_1.6.0/stm32cubeide/plugins/com.st.stm32cube.ide.mcu.externaltools.gnu-tools-for-stm32.9-2020-q2-update.win32_1.5.0.202011040924/tools/bin/../lib/gcc/arm-none-eabi/9.3.1/../../../../arm-none-eabi/lib/thumb/v7e-m+fp/hard\libc_nano.a
LOAD c:/st/stm32cubeide_1.6.0/stm32cubeide/plugins/com.st.stm32cube.ide.mcu.externaltools.gnu-tools-for-stm32.9-2020-q2-update.win32_1.5.0.202011040924/tools/bin/../lib/gcc/arm-none-eabi/9.3.1/../../../../arm-none-eabi/lib/thumb/v7e-m+fp/hard\libm.a
END GROUP
START GROUP
LOAD c:/st/stm32cubeide_1.6.0/stm32cubeide/plugins/com.st.stm32cube.ide.mcu.externaltools.gnu-tools-for-stm32.9-2020-q2-update.win32_1.5.0.202011040924/tools/bin/../lib/gcc/arm-none-eabi/9.3.1/thumb/v7e-m+fp/hard\libgcc.a
LOAD c:/st/stm32cubeide_1.6.0/stm32cubeide/plugins/com.st.stm32cube.ide.mcu.externaltools.gnu-tools-for-stm32.9-2020-q2-update.win32_1.5.0.202011040924/tools/bin/../lib/gcc/arm-none-eabi/9.3.1/../../../../arm-none-eabi/lib/thumb/v7e-m+fp/hard\libc_nano.a
END GROUP
START GROUP
LOAD c:/st/stm32cubeide_1.6.0/stm32cubeide/plugins/com.st.stm32cube.ide.mcu.externaltools.gnu-tools-for-stm32.9-2020-q2-update.win32_1.5.0.202011040924/tools/bin/../lib/gcc/arm-none-eabi/9.3.1/thumb/v7e-m+fp/hard\libgcc.a
LOAD c:/st/stm32cubeide_1.6.0/stm32cubeide/plugins/com.st.stm32cube.ide.mcu.externaltools.gnu-tools-for-stm32.9-2020-q2-update.win32_1.5.0.202011040924/tools/bin/../lib/gcc/arm-none-eabi/9.3.1/../../../../arm-none-eabi/lib/thumb/v7e-m+fp/hard\libc_nano.a
LOAD c:/st/stm32cubeide_1.6.0/stm32cubeide/plugins/com.st.stm32cube.ide.mcu.externaltools.gnu-tools-for-stm32.9-2020-q2-update.win32_1.5.0.202011040924/tools/bin/../lib/gcc/arm-none-eabi/9.3.1/../../../../arm-none-eabi/lib/thumb/v7e-m+fp/hard\libnosys.a
END GROUP
START GROUP
LOAD c:/st/stm32cubeide_1.6.0/stm32cubeide/plugins/com.st.stm32cube.ide.mcu.externaltools.gnu-tools-for-stm32.9-2020-q2-update.win32_1.5.0.202011040924/tools/bin/../lib/gcc/arm-none-eabi/9.3.1/thumb/v7e-m+fp/hard\libgcc.a
LOAD c:/st/stm32cubeide_1.6.0/stm32cubeide/plugins/com.st.stm32cube.ide.mcu.externaltools.gnu-tools-for-stm32.9-2020-q2-update.win32_1.5.0.202011040924/tools/bin/../lib/gcc/arm-none-eabi/9.3.1/../../../../arm-none-eabi/lib/thumb/v7e-m+fp/hard\libc_nano.a
LOAD c:/st/stm32cubeide_1.6.0/stm32cubeide/plugins/com.st.stm32cube.ide.mcu.externaltools.gnu-tools-for-stm32.9-2020-q2-update.win32_1.5.0.202011040924/tools/bin/../lib/gcc/arm-none-eabi/9.3.1/../../../../arm-none-eabi/lib/thumb/v7e-m+fp/hard\libnosys.a
END GROUP
LOAD c:/st/stm32cubeide_1.6.0/stm32cubeide/plugins/com.st.stm32cube.ide.mcu.externaltools.gnu-tools-for-stm32.9-2020-q2-update.win32_1.5.0.202011040924/tools/bin/../lib/gcc/arm-none-eabi/9.3.1/thumb/v7e-m+fp/hard/crtend.o
LOAD c:/st/stm32cubeide_1.6.0/stm32cubeide/plugins/com.st.stm32cube.ide.mcu.externaltools.gnu-tools-for-stm32.9-2020-q2-update.win32_1.5.0.202011040924/tools/bin/../lib/gcc/arm-none-eabi/9.3.1/thumb/v7e-m+fp/hard/crtn.o
                0x0000000020020000                _estack = (ORIGIN (RAM) + LENGTH (RAM))
                0x0000000000000200                _Min_Heap_Size = 0x200
                0x0000000000000400                _Min_Stack_Size = 0x400

.isr_vector     0x0000000008000000      0x1c4
                0x0000000008000000                . = ALIGN (0x4)
 *(.isr_vector)
 .isr_vector    0x0000000008000000      0x1c4 Core/Startup/startup_stm32f446retx.o
                0x0000000008000000                g_pfnVectors
                0x00000000080001c4                . = ALIGN (0x4)

.text           0x00000000080001c4     0x3be4
                0x00000000080001c4                . = ALIGN (0x4)
 *(.text)
 .text          0x00000000080001c4       0x40 c:/st/stm32cubeide_1.6.0/stm32cubeide/plugins/com.st.stm32cube.ide.mcu.externaltools.gnu-tools-for-stm32.9-2020-q2-update.win32_1.5.0.202011040924/tools/bin/../lib/gcc/arm-none-eabi/9.3.1/thumb/v7e-m+fp/hard/crtbegin.o
 .text          0x0000000008000204       0x30 c:/st/stm32cubeide_1.6.0/stm32cubeide/plugins/com.st.stm32cube.ide.mcu.externaltools.gnu-tools-for-stm32.9-2020-q2-update.win32_1.5.0.202011040924/tools/bin/../lib/gcc/arm-none-eabi/9.3.1/thumb/v7e-m+fp/hard\libgcc.a(_aeabi_uldivmod.o)
                0x0000000008000204                __aeabi_uldivmod
 .text          0x0000000008000234      0x2c4 c:/st/stm32cubeide_1.6.0/stm32cubeide/plugins/com.st.stm32cube.ide.mcu.externaltools.gnu-tools-for-stm32.9-2020-q2-update.win32_1.5.0.202011040924/tools/bin/../lib/gcc/arm-none-eabi/9.3.1/thumb/v7e-m+fp/hard\libgcc.a(_udivmoddi4.o)
                0x0000000008000234                __udivmoddi4
 .text          0x00000000080004f8        0x4 c:/st/stm32cubeide_1.6.0/stm32cubeide/plugins/com.st.stm32cube.ide.mcu.externaltools.gnu-tools-for-stm32.9-2020-q2-update.win32_1.5.0.202011040924/tools/bin/../lib/gcc/arm-none-eabi/9.3.1/thumb/v7e-m+fp/hard\libgcc.a(_dvmd_tls.o)
                0x00000000080004f8                __aeabi_idiv0
                0x00000000080004f8                __aeabi_ldiv0
 *(.text*)
 .text.getADCraw
                0x00000000080004fc       0x58 Core/Src/custom_lib/ADC_sensor.o
                0x00000000080004fc                getADCraw
 .text.ADC_config
                0x0000000008000554       0x3a Core/Src/custom_lib/ADC_sensor.o
                0x0000000008000554                ADC_config
 *fill*         0x000000000800058e        0x2 
 .text.__NVIC_EnableIRQ
                0x0000000008000590       0x3c Core/Src/main.o
 .text.__NVIC_SetPriority
                0x00000000080005cc       0x54 Core/Src/main.o
 .text.ADC_IRQHandler
                0x0000000008000620       0x18 Core/Src/main.o
                0x0000000008000620                ADC_IRQHandler
 .text.HAL_ADC_ConvCpltCallback
                0x0000000008000638       0x88 Core/Src/main.o
                0x0000000008000638                HAL_ADC_ConvCpltCallback
 .text.main     0x00000000080006c0       0x58 Core/Src/main.o
                0x00000000080006c0                main
 .text.SystemClock_Config
                0x0000000008000718       0xdc Core/Src/main.o
                0x0000000008000718                SystemClock_Config
 .text.MX_ADC1_Init
                0x00000000080007f4       0xa8 Core/Src/main.o
 .text.MX_TIM2_Init
                0x000000000800089c       0xe8 Core/Src/main.o
 .text.MX_USART2_UART_Init
                0x0000000008000984       0x54 Core/Src/main.o
 .text.MX_GPIO_Init
                0x00000000080009d8       0xe0 Core/Src/main.o
 .text.Error_Handler
                0x0000000008000ab8        0xa Core/Src/main.o
                0x0000000008000ab8                Error_Handler
 *fill*         0x0000000008000ac2        0x2 
 .text.HAL_MspInit
                0x0000000008000ac4       0x50 Core/Src/stm32f4xx_hal_msp.o
                0x0000000008000ac4                HAL_MspInit
 .text.HAL_ADC_MspInit
                0x0000000008000b14       0x98 Core/Src/stm32f4xx_hal_msp.o
                0x0000000008000b14                HAL_ADC_MspInit
 .text.HAL_TIM_Base_MspInit
                0x0000000008000bac       0x40 Core/Src/stm32f4xx_hal_msp.o
                0x0000000008000bac                HAL_TIM_Base_MspInit
 .text.HAL_TIM_MspPostInit
                0x0000000008000bec       0x70 Core/Src/stm32f4xx_hal_msp.o
                0x0000000008000bec                HAL_TIM_MspPostInit
 .text.HAL_UART_MspInit
                0x0000000008000c5c       0x90 Core/Src/stm32f4xx_hal_msp.o
                0x0000000008000c5c                HAL_UART_MspInit
 .text.NMI_Handler
                0x0000000008000cec        0x6 Core/Src/stm32f4xx_it.o
                0x0000000008000cec                NMI_Handler
 .text.HardFault_Handler
                0x0000000008000cf2        0x6 Core/Src/stm32f4xx_it.o
                0x0000000008000cf2                HardFault_Handler
 .text.MemManage_Handler
                0x0000000008000cf8        0x6 Core/Src/stm32f4xx_it.o
                0x0000000008000cf8                MemManage_Handler
 .text.BusFault_Handler
                0x0000000008000cfe        0x6 Core/Src/stm32f4xx_it.o
                0x0000000008000cfe                BusFault_Handler
 .text.UsageFault_Handler
                0x0000000008000d04        0x6 Core/Src/stm32f4xx_it.o
                0x0000000008000d04                UsageFault_Handler
 .text.SVC_Handler
                0x0000000008000d0a        0xe Core/Src/stm32f4xx_it.o
                0x0000000008000d0a                SVC_Handler
 .text.DebugMon_Handler
                0x0000000008000d18        0xe Core/Src/stm32f4xx_it.o
                0x0000000008000d18                DebugMon_Handler
 .text.PendSV_Handler
                0x0000000008000d26        0xe Core/Src/stm32f4xx_it.o
                0x0000000008000d26                PendSV_Handler
 .text.SysTick_Handler
                0x0000000008000d34        0xc Core/Src/stm32f4xx_it.o
                0x0000000008000d34                SysTick_Handler
 .text.SystemInit
                0x0000000008000d40       0x24 Core/Src/system_stm32f4xx.o
                0x0000000008000d40                SystemInit
 .text.Reset_Handler
                0x0000000008000d64       0x50 Core/Startup/startup_stm32f446retx.o
                0x0000000008000d64                Reset_Handler
 .text.Default_Handler
                0x0000000008000db4        0x2 Core/Startup/startup_stm32f446retx.o
                0x0000000008000db4                RTC_Alarm_IRQHandler
                0x0000000008000db4                EXTI2_IRQHandler
                0x0000000008000db4                TIM8_CC_IRQHandler
                0x0000000008000db4                FMPI2C1_EV_IRQHandler
                0x0000000008000db4                SPI4_IRQHandler
                0x0000000008000db4                TIM1_CC_IRQHandler
                0x0000000008000db4                DMA2_Stream5_IRQHandler
                0x0000000008000db4                DMA1_Stream5_IRQHandler
                0x0000000008000db4                PVD_IRQHandler
                0x0000000008000db4                SDIO_IRQHandler
                0x0000000008000db4                TAMP_STAMP_IRQHandler
                0x0000000008000db4                CAN2_RX1_IRQHandler
                0x0000000008000db4                EXTI3_IRQHandler
                0x0000000008000db4                TIM8_TRG_COM_TIM14_IRQHandler
                0x0000000008000db4                TIM1_UP_TIM10_IRQHandler
                0x0000000008000db4                TIM8_UP_TIM13_IRQHandler
                0x0000000008000db4                I2C3_ER_IRQHandler
                0x0000000008000db4                EXTI0_IRQHandler
                0x0000000008000db4                I2C2_EV_IRQHandler
                0x0000000008000db4                DMA1_Stream2_IRQHandler
                0x0000000008000db4                CAN1_RX0_IRQHandler
                0x0000000008000db4                FPU_IRQHandler
                0x0000000008000db4                OTG_HS_WKUP_IRQHandler
                0x0000000008000db4                CAN2_SCE_IRQHandler
                0x0000000008000db4                DMA2_Stream2_IRQHandler
                0x0000000008000db4                SPI1_IRQHandler
                0x0000000008000db4                TIM6_DAC_IRQHandler
                0x0000000008000db4                TIM1_BRK_TIM9_IRQHandler
                0x0000000008000db4                DCMI_IRQHandler
                0x0000000008000db4                CAN2_RX0_IRQHandler
                0x0000000008000db4                DMA2_Stream3_IRQHandler
                0x0000000008000db4                SAI2_IRQHandler
                0x0000000008000db4                USART6_IRQHandler
                0x0000000008000db4                USART3_IRQHandler
                0x0000000008000db4                CAN1_RX1_IRQHandler
                0x0000000008000db4                UART5_IRQHandler
                0x0000000008000db4                DMA2_Stream0_IRQHandler
                0x0000000008000db4                TIM4_IRQHandler
                0x0000000008000db4                QUADSPI_IRQHandler
                0x0000000008000db4                I2C1_EV_IRQHandler
                0x0000000008000db4                DMA1_Stream6_IRQHandler
                0x0000000008000db4                DMA1_Stream1_IRQHandler
                0x0000000008000db4                UART4_IRQHandler
                0x0000000008000db4                TIM3_IRQHandler
                0x0000000008000db4                RCC_IRQHandler
                0x0000000008000db4                TIM8_BRK_TIM12_IRQHandler
                0x0000000008000db4                Default_Handler
                0x0000000008000db4                CEC_IRQHandler
                0x0000000008000db4                EXTI15_10_IRQHandler
                0x0000000008000db4                DMA1_Stream7_IRQHandler
                0x0000000008000db4                TIM7_IRQHandler
                0x0000000008000db4                CAN2_TX_IRQHandler
                0x0000000008000db4                TIM5_IRQHandler
                0x0000000008000db4                DMA2_Stream7_IRQHandler
                0x0000000008000db4                I2C3_EV_IRQHandler
                0x0000000008000db4                EXTI9_5_IRQHandler
                0x0000000008000db4                RTC_WKUP_IRQHandler
                0x0000000008000db4                SPDIF_RX_IRQHandler
                0x0000000008000db4                SPI2_IRQHandler
                0x0000000008000db4                OTG_HS_EP1_IN_IRQHandler
                0x0000000008000db4                DMA1_Stream0_IRQHandler
                0x0000000008000db4                CAN1_TX_IRQHandler
                0x0000000008000db4                FMPI2C1_ER_IRQHandler
                0x0000000008000db4                EXTI4_IRQHandler
                0x0000000008000db4                OTG_HS_EP1_OUT_IRQHandler
                0x0000000008000db4                WWDG_IRQHandler
                0x0000000008000db4                TIM2_IRQHandler
                0x0000000008000db4                OTG_FS_WKUP_IRQHandler
                0x0000000008000db4                TIM1_TRG_COM_TIM11_IRQHandler
                0x0000000008000db4                OTG_HS_IRQHandler
                0x0000000008000db4                EXTI1_IRQHandler
                0x0000000008000db4                USART2_IRQHandler
                0x0000000008000db4                I2C2_ER_IRQHandler
                0x0000000008000db4                DMA2_Stream1_IRQHandler
                0x0000000008000db4                CAN1_SCE_IRQHandler
                0x0000000008000db4                FLASH_IRQHandler
                0x0000000008000db4                DMA2_Stream4_IRQHandler
                0x0000000008000db4                USART1_IRQHandler
                0x0000000008000db4                OTG_FS_IRQHandler
                0x0000000008000db4                SPI3_IRQHandler
                0x0000000008000db4                DMA1_Stream4_IRQHandler
                0x0000000008000db4                I2C1_ER_IRQHandler
                0x0000000008000db4                FMC_IRQHandler
                0x0000000008000db4                DMA2_Stream6_IRQHandler
                0x0000000008000db4                SAI1_IRQHandler
                0x0000000008000db4                DMA1_Stream3_IRQHandler
 *fill*         0x0000000008000db6        0x2 
 .text.HAL_Init
                0x0000000008000db8       0x44 Drivers/STM32F4xx_HAL_Driver/Src/stm32f4xx_hal.o
                0x0000000008000db8                HAL_Init
 .text.HAL_InitTick
                0x0000000008000dfc       0x60 Drivers/STM32F4xx_HAL_Driver/Src/stm32f4xx_hal.o
                0x0000000008000dfc                HAL_InitTick
 .text.HAL_IncTick
                0x0000000008000e5c       0x28 Drivers/STM32F4xx_HAL_Driver/Src/stm32f4xx_hal.o
                0x0000000008000e5c                HAL_IncTick
 .text.HAL_GetTick
                0x0000000008000e84       0x18 Drivers/STM32F4xx_HAL_Driver/Src/stm32f4xx_hal.o
                0x0000000008000e84                HAL_GetTick
 .text.HAL_ADC_Init
                0x0000000008000e9c       0x86 Drivers/STM32F4xx_HAL_Driver/Src/stm32f4xx_hal_adc.o
                0x0000000008000e9c                HAL_ADC_Init
 *fill*         0x0000000008000f22        0x2 
 .text.HAL_ADC_Start
                0x0000000008000f24      0x1a4 Drivers/STM32F4xx_HAL_Driver/Src/stm32f4xx_hal_adc.o
                0x0000000008000f24                HAL_ADC_Start
 .text.HAL_ADC_Stop
                0x00000000080010c8       0x66 Drivers/STM32F4xx_HAL_Driver/Src/stm32f4xx_hal_adc.o
                0x00000000080010c8                HAL_ADC_Stop
 .text.HAL_ADC_PollForConversion
                0x000000000800112e      0x116 Drivers/STM32F4xx_HAL_Driver/Src/stm32f4xx_hal_adc.o
                0x000000000800112e                HAL_ADC_PollForConversion
 .text.HAL_ADC_Start_IT
                0x0000000008001244      0x1bc Drivers/STM32F4xx_HAL_Driver/Src/stm32f4xx_hal_adc.o
                0x0000000008001244                HAL_ADC_Start_IT
 .text.HAL_ADC_IRQHandler
                0x0000000008001400      0x282 Drivers/STM32F4xx_HAL_Driver/Src/stm32f4xx_hal_adc.o
                0x0000000008001400                HAL_ADC_IRQHandler
 .text.HAL_ADC_GetValue
                0x0000000008001682       0x1a Drivers/STM32F4xx_HAL_Driver/Src/stm32f4xx_hal_adc.o
                0x0000000008001682                HAL_ADC_GetValue
 .text.HAL_ADC_LevelOutOfWindowCallback
                0x000000000800169c       0x14 Drivers/STM32F4xx_HAL_Driver/Src/stm32f4xx_hal_adc.o
                0x000000000800169c                HAL_ADC_LevelOutOfWindowCallback
 .text.HAL_ADC_ErrorCallback
                0x00000000080016b0       0x14 Drivers/STM32F4xx_HAL_Driver/Src/stm32f4xx_hal_adc.o
                0x00000000080016b0                HAL_ADC_ErrorCallback
 .text.HAL_ADC_ConfigChannel
                0x00000000080016c4      0x264 Drivers/STM32F4xx_HAL_Driver/Src/stm32f4xx_hal_adc.o
                0x00000000080016c4                HAL_ADC_ConfigChannel
 .text.ADC_Init
                0x0000000008001928      0x1f8 Drivers/STM32F4xx_HAL_Driver/Src/stm32f4xx_hal_adc.o
 .text.HAL_ADCEx_InjectedConvCpltCallback
                0x0000000008001b20       0x14 Drivers/STM32F4xx_HAL_Driver/Src/stm32f4xx_hal_adc_ex.o
                0x0000000008001b20                HAL_ADCEx_InjectedConvCpltCallback
 .text.__NVIC_SetPriorityGrouping
                0x0000000008001b34       0x48 Drivers/STM32F4xx_HAL_Driver/Src/stm32f4xx_hal_cortex.o
 .text.__NVIC_GetPriorityGrouping
                0x0000000008001b7c       0x1c Drivers/STM32F4xx_HAL_Driver/Src/stm32f4xx_hal_cortex.o
 .text.__NVIC_EnableIRQ
                0x0000000008001b98       0x3c Drivers/STM32F4xx_HAL_Driver/Src/stm32f4xx_hal_cortex.o
 .text.__NVIC_SetPriority
                0x0000000008001bd4       0x54 Drivers/STM32F4xx_HAL_Driver/Src/stm32f4xx_hal_cortex.o
 .text.NVIC_EncodePriority
                0x0000000008001c28       0x66 Drivers/STM32F4xx_HAL_Driver/Src/stm32f4xx_hal_cortex.o
 *fill*         0x0000000008001c8e        0x2 
 .text.SysTick_Config
                0x0000000008001c90       0x44 Drivers/STM32F4xx_HAL_Driver/Src/stm32f4xx_hal_cortex.o
 .text.HAL_NVIC_SetPriorityGrouping
                0x0000000008001cd4       0x16 Drivers/STM32F4xx_HAL_Driver/Src/stm32f4xx_hal_cortex.o
                0x0000000008001cd4                HAL_NVIC_SetPriorityGrouping
 .text.HAL_NVIC_SetPriority
                0x0000000008001cea       0x38 Drivers/STM32F4xx_HAL_Driver/Src/stm32f4xx_hal_cortex.o
                0x0000000008001cea                HAL_NVIC_SetPriority
 .text.HAL_NVIC_EnableIRQ
                0x0000000008001d22       0x1c Drivers/STM32F4xx_HAL_Driver/Src/stm32f4xx_hal_cortex.o
                0x0000000008001d22                HAL_NVIC_EnableIRQ
 .text.HAL_SYSTICK_Config
                0x0000000008001d3e       0x18 Drivers/STM32F4xx_HAL_Driver/Src/stm32f4xx_hal_cortex.o
                0x0000000008001d3e                HAL_SYSTICK_Config
 *fill*         0x0000000008001d56        0x2 
 .text.HAL_GPIO_Init
                0x0000000008001d58      0x328 Drivers/STM32F4xx_HAL_Driver/Src/stm32f4xx_hal_gpio.o
                0x0000000008001d58                HAL_GPIO_Init
 .text.HAL_GPIO_WritePin
                0x0000000008002080       0x32 Drivers/STM32F4xx_HAL_Driver/Src/stm32f4xx_hal_gpio.o
                0x0000000008002080                HAL_GPIO_WritePin
 *fill*         0x00000000080020b2        0x2 
 .text.HAL_RCC_ClockConfig
                0x00000000080020b4      0x1cc Drivers/STM32F4xx_HAL_Driver/Src/stm32f4xx_hal_rcc.o
                0x00000000080020b4                HAL_RCC_ClockConfig
 .text.HAL_RCC_GetHCLKFreq
                0x0000000008002280       0x18 Drivers/STM32F4xx_HAL_Driver/Src/stm32f4xx_hal_rcc.o
                0x0000000008002280                HAL_RCC_GetHCLKFreq
 .text.HAL_RCC_GetPCLK1Freq
                0x0000000008002298       0x28 Drivers/STM32F4xx_HAL_Driver/Src/stm32f4xx_hal_rcc.o
                0x0000000008002298                HAL_RCC_GetPCLK1Freq
 .text.HAL_RCC_GetPCLK2Freq
                0x00000000080022c0       0x28 Drivers/STM32F4xx_HAL_Driver/Src/stm32f4xx_hal_rcc.o
                0x00000000080022c0                HAL_RCC_GetPCLK2Freq
 .text.HAL_RCC_GetSysClockFreq
                0x00000000080022e8      0x364 Drivers/STM32F4xx_HAL_Driver/Src/stm32f4xx_hal_rcc_ex.o
                0x00000000080022e8                HAL_RCC_GetSysClockFreq
 .text.HAL_RCC_OscConfig
                0x000000000800264c      0x53c Drivers/STM32F4xx_HAL_Driver/Src/stm32f4xx_hal_rcc_ex.o
                0x000000000800264c                HAL_RCC_OscConfig
 .text.HAL_TIM_Base_Init
                0x0000000008002b88       0x9e Drivers/STM32F4xx_HAL_Driver/Src/stm32f4xx_hal_tim.o
                0x0000000008002b88                HAL_TIM_Base_Init
 .text.HAL_TIM_PWM_Init
                0x0000000008002c26       0x9e Drivers/STM32F4xx_HAL_Driver/Src/stm32f4xx_hal_tim.o
                0x0000000008002c26                HAL_TIM_PWM_Init
 .text.HAL_TIM_PWM_MspInit
                0x0000000008002cc4       0x14 Drivers/STM32F4xx_HAL_Driver/Src/stm32f4xx_hal_tim.o
                0x0000000008002cc4                HAL_TIM_PWM_MspInit
 .text.HAL_TIM_PWM_Start
                0x0000000008002cd8      0x190 Drivers/STM32F4xx_HAL_Driver/Src/stm32f4xx_hal_tim.o
                0x0000000008002cd8                HAL_TIM_PWM_Start
 .text.HAL_TIM_PWM_ConfigChannel
                0x0000000008002e68      0x17c Drivers/STM32F4xx_HAL_Driver/Src/stm32f4xx_hal_tim.o
                0x0000000008002e68                HAL_TIM_PWM_ConfigChannel
 .text.HAL_TIM_ConfigClockSource
                0x0000000008002fe4      0x188 Drivers/STM32F4xx_HAL_Driver/Src/stm32f4xx_hal_tim.o
                0x0000000008002fe4                HAL_TIM_ConfigClockSource
 .text.HAL_TIM_ReadCapturedValue
                0x000000000800316c       0x88 Drivers/STM32F4xx_HAL_Driver/Src/stm32f4xx_hal_tim.o
                0x000000000800316c                HAL_TIM_ReadCapturedValue
 .text.TIM_Base_SetConfig
                0x00000000080031f4      0x140 Drivers/STM32F4xx_HAL_Driver/Src/stm32f4xx_hal_tim.o
                0x00000000080031f4                TIM_Base_SetConfig
 .text.TIM_OC1_SetConfig
                0x0000000008003334       0xe0 Drivers/STM32F4xx_HAL_Driver/Src/stm32f4xx_hal_tim.o
 .text.TIM_OC2_SetConfig
                0x0000000008003414       0xec Drivers/STM32F4xx_HAL_Driver/Src/stm32f4xx_hal_tim.o
                0x0000000008003414                TIM_OC2_SetConfig
 .text.TIM_OC3_SetConfig
                0x0000000008003500       0xe8 Drivers/STM32F4xx_HAL_Driver/Src/stm32f4xx_hal_tim.o
 .text.TIM_OC4_SetConfig
                0x00000000080035e8       0xac Drivers/STM32F4xx_HAL_Driver/Src/stm32f4xx_hal_tim.o
 .text.TIM_TI1_ConfigInputStage
                0x0000000008003694       0x5e Drivers/STM32F4xx_HAL_Driver/Src/stm32f4xx_hal_tim.o
 .text.TIM_TI2_ConfigInputStage
                0x00000000080036f2       0x60 Drivers/STM32F4xx_HAL_Driver/Src/stm32f4xx_hal_tim.o
 .text.TIM_ITRx_SetConfig
                0x0000000008003752       0x36 Drivers/STM32F4xx_HAL_Driver/Src/stm32f4xx_hal_tim.o
 .text.TIM_ETR_SetConfig
                0x0000000008003788       0x40 Drivers/STM32F4xx_HAL_Driver/Src/stm32f4xx_hal_tim.o
                0x0000000008003788                TIM_ETR_SetConfig
 .text.TIM_CCxChannelCmd
                0x00000000080037c8       0x4a Drivers/STM32F4xx_HAL_Driver/Src/stm32f4xx_hal_tim.o
                0x00000000080037c8                TIM_CCxChannelCmd
 *fill*         0x0000000008003812        0x2 
 .text.HAL_TIMEx_MasterConfigSynchronization
                0x0000000008003814       0xf8 Drivers/STM32F4xx_HAL_Driver/Src/stm32f4xx_hal_tim_ex.o
                0x0000000008003814                HAL_TIMEx_MasterConfigSynchronization
 .text.HAL_UART_Init
                0x000000000800390c       0x9a Drivers/STM32F4xx_HAL_Driver/Src/stm32f4xx_hal_uart.o
                0x000000000800390c                HAL_UART_Init
 *fill*         0x00000000080039a6        0x2 
 .text.UART_SetConfig
                0x00000000080039a8      0x390 Drivers/STM32F4xx_HAL_Driver/Src/stm32f4xx_hal_uart.o
 .text.__libc_init_array
                0x0000000008003d38       0x48 c:/st/stm32cubeide_1.6.0/stm32cubeide/plugins/com.st.stm32cube.ide.mcu.externaltools.gnu-tools-for-stm32.9-2020-q2-update.win32_1.5.0.202011040924/tools/bin/../lib/gcc/arm-none-eabi/9.3.1/../../../../arm-none-eabi/lib/thumb/v7e-m+fp/hard\libc_nano.a(lib_a-init.o)
                0x0000000008003d38                __libc_init_array
 .text.memset   0x0000000008003d80       0x10 c:/st/stm32cubeide_1.6.0/stm32cubeide/plugins/com.st.stm32cube.ide.mcu.externaltools.gnu-tools-for-stm32.9-2020-q2-update.win32_1.5.0.202011040924/tools/bin/../lib/gcc/arm-none-eabi/9.3.1/../../../../arm-none-eabi/lib/thumb/v7e-m+fp/hard\libc_nano.a(lib_a-memset.o)
                0x0000000008003d80                memset
 *(.glue_7)
 .glue_7        0x0000000008003d90        0x0 linker stubs
 *(.glue_7t)
 .glue_7t       0x0000000008003d90        0x0 linker stubs
 *(.eh_frame)
 .eh_frame      0x0000000008003d90        0x0 c:/st/stm32cubeide_1.6.0/stm32cubeide/plugins/com.st.stm32cube.ide.mcu.externaltools.gnu-tools-for-stm32.9-2020-q2-update.win32_1.5.0.202011040924/tools/bin/../lib/gcc/arm-none-eabi/9.3.1/thumb/v7e-m+fp/hard/crtbegin.o
 *(.init)
 .init          0x0000000008003d90        0x4 c:/st/stm32cubeide_1.6.0/stm32cubeide/plugins/com.st.stm32cube.ide.mcu.externaltools.gnu-tools-for-stm32.9-2020-q2-update.win32_1.5.0.202011040924/tools/bin/../lib/gcc/arm-none-eabi/9.3.1/thumb/v7e-m+fp/hard/crti.o
                0x0000000008003d90                _init
 .init          0x0000000008003d94        0x8 c:/st/stm32cubeide_1.6.0/stm32cubeide/plugins/com.st.stm32cube.ide.mcu.externaltools.gnu-tools-for-stm32.9-2020-q2-update.win32_1.5.0.202011040924/tools/bin/../lib/gcc/arm-none-eabi/9.3.1/thumb/v7e-m+fp/hard/crtn.o
 *(.fini)
 .fini          0x0000000008003d9c        0x4 c:/st/stm32cubeide_1.6.0/stm32cubeide/plugins/com.st.stm32cube.ide.mcu.externaltools.gnu-tools-for-stm32.9-2020-q2-update.win32_1.5.0.202011040924/tools/bin/../lib/gcc/arm-none-eabi/9.3.1/thumb/v7e-m+fp/hard/crti.o
                0x0000000008003d9c                _fini
 .fini          0x0000000008003da0        0x8 c:/st/stm32cubeide_1.6.0/stm32cubeide/plugins/com.st.stm32cube.ide.mcu.externaltools.gnu-tools-for-stm32.9-2020-q2-update.win32_1.5.0.202011040924/tools/bin/../lib/gcc/arm-none-eabi/9.3.1/thumb/v7e-m+fp/hard/crtn.o
                0x0000000008003da8                . = ALIGN (0x4)
                0x0000000008003da8                _etext = .

.vfp11_veneer   0x0000000008003da8        0x0
 .vfp11_veneer  0x0000000008003da8        0x0 linker stubs

.v4_bx          0x0000000008003da8        0x0
 .v4_bx         0x0000000008003da8        0x0 linker stubs

.iplt           0x0000000008003da8        0x0
 .iplt          0x0000000008003da8        0x0 c:/st/stm32cubeide_1.6.0/stm32cubeide/plugins/com.st.stm32cube.ide.mcu.externaltools.gnu-tools-for-stm32.9-2020-q2-update.win32_1.5.0.202011040924/tools/bin/../lib/gcc/arm-none-eabi/9.3.1/thumb/v7e-m+fp/hard/crtbegin.o

.rodata         0x0000000008003da8       0x18
                0x0000000008003da8                . = ALIGN (0x4)
 *(.rodata)
 *(.rodata*)
 .rodata.AHBPrescTable
                0x0000000008003da8       0x10 Core/Src/system_stm32f4xx.o
                0x0000000008003da8                AHBPrescTable
 .rodata.APBPrescTable
                0x0000000008003db8        0x8 Core/Src/system_stm32f4xx.o
                0x0000000008003db8                APBPrescTable
                0x0000000008003dc0                . = ALIGN (0x4)

.ARM.extab      0x0000000008003dc0        0x0
                0x0000000008003dc0                . = ALIGN (0x4)
 *(.ARM.extab* .gnu.linkonce.armextab.*)
                0x0000000008003dc0                . = ALIGN (0x4)

.ARM            0x0000000008003dc0        0x8
                0x0000000008003dc0                . = ALIGN (0x4)
                0x0000000008003dc0                __exidx_start = .
 *(.ARM.exidx*)
 .ARM.exidx     0x0000000008003dc0        0x8 c:/st/stm32cubeide_1.6.0/stm32cubeide/plugins/com.st.stm32cube.ide.mcu.externaltools.gnu-tools-for-stm32.9-2020-q2-update.win32_1.5.0.202011040924/tools/bin/../lib/gcc/arm-none-eabi/9.3.1/thumb/v7e-m+fp/hard\libgcc.a(_udivmoddi4.o)
                0x0000000008003dc8                __exidx_end = .
                0x0000000008003dc8                . = ALIGN (0x4)

.rel.dyn        0x0000000008003dc8        0x0
 .rel.iplt      0x0000000008003dc8        0x0 c:/st/stm32cubeide_1.6.0/stm32cubeide/plugins/com.st.stm32cube.ide.mcu.externaltools.gnu-tools-for-stm32.9-2020-q2-update.win32_1.5.0.202011040924/tools/bin/../lib/gcc/arm-none-eabi/9.3.1/thumb/v7e-m+fp/hard/crtbegin.o

.preinit_array  0x0000000008003dc8        0x0
                0x0000000008003dc8                . = ALIGN (0x4)
                0x0000000008003dc8                PROVIDE (__preinit_array_start = .)
 *(.preinit_array*)
                0x0000000008003dc8                PROVIDE (__preinit_array_end = .)
                0x0000000008003dc8                . = ALIGN (0x4)

.init_array     0x0000000008003dc8        0x4
                0x0000000008003dc8                . = ALIGN (0x4)
                0x0000000008003dc8                PROVIDE (__init_array_start = .)
 *(SORT_BY_NAME(.init_array.*))
 *(.init_array*)
 .init_array    0x0000000008003dc8        0x4 c:/st/stm32cubeide_1.6.0/stm32cubeide/plugins/com.st.stm32cube.ide.mcu.externaltools.gnu-tools-for-stm32.9-2020-q2-update.win32_1.5.0.202011040924/tools/bin/../lib/gcc/arm-none-eabi/9.3.1/thumb/v7e-m+fp/hard/crtbegin.o
                0x0000000008003dcc                PROVIDE (__init_array_end = .)
                0x0000000008003dcc                . = ALIGN (0x4)

.fini_array     0x0000000008003dcc        0x4
                0x0000000008003dcc                . = ALIGN (0x4)
                [!provide]                        PROVIDE (__fini_array_start = .)
 *(SORT_BY_NAME(.fini_array.*))
 *(.fini_array*)
 .fini_array    0x0000000008003dcc        0x4 c:/st/stm32cubeide_1.6.0/stm32cubeide/plugins/com.st.stm32cube.ide.mcu.externaltools.gnu-tools-for-stm32.9-2020-q2-update.win32_1.5.0.202011040924/tools/bin/../lib/gcc/arm-none-eabi/9.3.1/thumb/v7e-m+fp/hard/crtbegin.o
                [!provide]                        PROVIDE (__fini_array_end = .)
                0x0000000008003dd0                . = ALIGN (0x4)
                0x0000000008003dd0                _sidata = LOADADDR (.data)

.data           0x0000000020000000        0xc load address 0x0000000008003dd0
                0x0000000020000000                . = ALIGN (0x4)
                0x0000000020000000                _sdata = .
 *(.data)
 *(.data*)
 .data.SystemCoreClock
                0x0000000020000000        0x4 Core/Src/system_stm32f4xx.o
                0x0000000020000000                SystemCoreClock
 .data.uwTickPrio
                0x0000000020000004        0x4 Drivers/STM32F4xx_HAL_Driver/Src/stm32f4xx_hal.o
                0x0000000020000004                uwTickPrio
 .data.uwTickFreq
                0x0000000020000008        0x1 Drivers/STM32F4xx_HAL_Driver/Src/stm32f4xx_hal.o
                0x0000000020000008                uwTickFreq
 *(.RamFunc)
 *(.RamFunc*)
                0x000000002000000c                . = ALIGN (0x4)
 *fill*         0x0000000020000009        0x3 
                0x000000002000000c                _edata = .

.igot.plt       0x000000002000000c        0x0 load address 0x0000000008003ddc
 .igot.plt      0x000000002000000c        0x0 c:/st/stm32cubeide_1.6.0/stm32cubeide/plugins/com.st.stm32cube.ide.mcu.externaltools.gnu-tools-for-stm32.9-2020-q2-update.win32_1.5.0.202011040924/tools/bin/../lib/gcc/arm-none-eabi/9.3.1/thumb/v7e-m+fp/hard/crtbegin.o
                0x000000002000000c                . = ALIGN (0x4)

.bss            0x000000002000000c      0x10c load address 0x0000000008003ddc
                0x000000002000000c                _sbss = .
                0x000000002000000c                __bss_start__ = _sbss
 *(.bss)
 .bss           0x000000002000000c       0x1c c:/st/stm32cubeide_1.6.0/stm32cubeide/plugins/com.st.stm32cube.ide.mcu.externaltools.gnu-tools-for-stm32.9-2020-q2-update.win32_1.5.0.202011040924/tools/bin/../lib/gcc/arm-none-eabi/9.3.1/thumb/v7e-m+fp/hard/crtbegin.o
 *(.bss*)
 .bss.sConfig   0x0000000020000028       0x10 Core/Src/main.o
                0x0000000020000028                sConfig
 *(COMMON)
 COMMON         0x0000000020000038       0xdc Core/Src/main.o
                0x0000000020000038                dutyCycle
                0x000000002000003c                hadc1
                0x0000000020000084                pot
                0x0000000020000086                duty_val
                0x0000000020000088                htim2
                0x00000000200000d0                huart2
 COMMON         0x0000000020000114        0x4 Drivers/STM32F4xx_HAL_Driver/Src/stm32f4xx_hal.o
                0x0000000020000114                uwTick
                0x0000000020000118                . = ALIGN (0x4)
                0x0000000020000118                _ebss = .
                0x0000000020000118                __bss_end__ = _ebss

._user_heap_stack
                0x0000000020000118      0x600 load address 0x0000000008003ddc
                0x0000000020000118                . = ALIGN (0x8)
                [!provide]                        PROVIDE (end = .)
                0x0000000020000118                PROVIDE (_end = .)
                0x0000000020000318                . = (. + _Min_Heap_Size)
 *fill*         0x0000000020000118      0x200 
                0x0000000020000718                . = (. + _Min_Stack_Size)
 *fill*         0x0000000020000318      0x400 
                0x0000000020000718                . = ALIGN (0x8)

/DISCARD/
 libc.a(*)
 libm.a(*)
 libgcc.a(*)

.ARM.attributes
                0x0000000000000000       0x30
 *(.ARM.attributes)
 .ARM.attributes
                0x0000000000000000       0x1e c:/st/stm32cubeide_1.6.0/stm32cubeide/plugins/com.st.stm32cube.ide.mcu.externaltools.gnu-tools-for-stm32.9-2020-q2-update.win32_1.5.0.202011040924/tools/bin/../lib/gcc/arm-none-eabi/9.3.1/thumb/v7e-m+fp/hard/crti.o
 .ARM.attributes
                0x000000000000001e       0x34 c:/st/stm32cubeide_1.6.0/stm32cubeide/plugins/com.st.stm32cube.ide.mcu.externaltools.gnu-tools-for-stm32.9-2020-q2-update.win32_1.5.0.202011040924/tools/bin/../lib/gcc/arm-none-eabi/9.3.1/thumb/v7e-m+fp/hard/crtbegin.o
 .ARM.attributes
                0x0000000000000052       0x34 Core/Src/custom_lib/ADC_sensor.o
 .ARM.attributes
                0x0000000000000086       0x34 Core/Src/main.o
 .ARM.attributes
                0x00000000000000ba       0x34 Core/Src/stm32f4xx_hal_msp.o
 .ARM.attributes
                0x00000000000000ee       0x34 Core/Src/stm32f4xx_it.o
 .ARM.attributes
                0x0000000000000122       0x34 Core/Src/system_stm32f4xx.o
 .ARM.attributes
                0x0000000000000156       0x21 Core/Startup/startup_stm32f446retx.o
 .ARM.attributes
                0x0000000000000177       0x34 Drivers/STM32F4xx_HAL_Driver/Src/stm32f4xx_hal.o
 .ARM.attributes
                0x00000000000001ab       0x34 Drivers/STM32F4xx_HAL_Driver/Src/stm32f4xx_hal_adc.o
 .ARM.attributes
                0x00000000000001df       0x34 Drivers/STM32F4xx_HAL_Driver/Src/stm32f4xx_hal_adc_ex.o
 .ARM.attributes
                0x0000000000000213       0x34 Drivers/STM32F4xx_HAL_Driver/Src/stm32f4xx_hal_cortex.o
 .ARM.attributes
                0x0000000000000247       0x34 Drivers/STM32F4xx_HAL_Driver/Src/stm32f4xx_hal_gpio.o
 .ARM.attributes
                0x000000000000027b       0x34 Drivers/STM32F4xx_HAL_Driver/Src/stm32f4xx_hal_rcc.o
 .ARM.attributes
                0x00000000000002af       0x34 Drivers/STM32F4xx_HAL_Driver/Src/stm32f4xx_hal_rcc_ex.o
 .ARM.attributes
                0x00000000000002e3       0x34 Drivers/STM32F4xx_HAL_Driver/Src/stm32f4xx_hal_tim.o
 .ARM.attributes
                0x0000000000000317       0x34 Drivers/STM32F4xx_HAL_Driver/Src/stm32f4xx_hal_tim_ex.o
 .ARM.attributes
                0x000000000000034b       0x34 Drivers/STM32F4xx_HAL_Driver/Src/stm32f4xx_hal_uart.o
 .ARM.attributes
                0x000000000000037f       0x34 c:/st/stm32cubeide_1.6.0/stm32cubeide/plugins/com.st.stm32cube.ide.mcu.externaltools.gnu-tools-for-stm32.9-2020-q2-update.win32_1.5.0.202011040924/tools/bin/../lib/gcc/arm-none-eabi/9.3.1/../../../../arm-none-eabi/lib/thumb/v7e-m+fp/hard\libc_nano.a(lib_a-init.o)
 .ARM.attributes
                0x00000000000003b3       0x34 c:/st/stm32cubeide_1.6.0/stm32cubeide/plugins/com.st.stm32cube.ide.mcu.externaltools.gnu-tools-for-stm32.9-2020-q2-update.win32_1.5.0.202011040924/tools/bin/../lib/gcc/arm-none-eabi/9.3.1/../../../../arm-none-eabi/lib/thumb/v7e-m+fp/hard\libc_nano.a(lib_a-memset.o)
 .ARM.attributes
                0x00000000000003e7       0x1e c:/st/stm32cubeide_1.6.0/stm32cubeide/plugins/com.st.stm32cube.ide.mcu.externaltools.gnu-tools-for-stm32.9-2020-q2-update.win32_1.5.0.202011040924/tools/bin/../lib/gcc/arm-none-eabi/9.3.1/thumb/v7e-m+fp/hard\libgcc.a(_aeabi_uldivmod.o)
 .ARM.attributes
                0x0000000000000405       0x34 c:/st/stm32cubeide_1.6.0/stm32cubeide/plugins/com.st.stm32cube.ide.mcu.externaltools.gnu-tools-for-stm32.9-2020-q2-update.win32_1.5.0.202011040924/tools/bin/../lib/gcc/arm-none-eabi/9.3.1/thumb/v7e-m+fp/hard\libgcc.a(_udivmoddi4.o)
 .ARM.attributes
                0x0000000000000439       0x1e c:/st/stm32cubeide_1.6.0/stm32cubeide/plugins/com.st.stm32cube.ide.mcu.externaltools.gnu-tools-for-stm32.9-2020-q2-update.win32_1.5.0.202011040924/tools/bin/../lib/gcc/arm-none-eabi/9.3.1/thumb/v7e-m+fp/hard\libgcc.a(_dvmd_tls.o)
 .ARM.attributes
                0x0000000000000457       0x1e c:/st/stm32cubeide_1.6.0/stm32cubeide/plugins/com.st.stm32cube.ide.mcu.externaltools.gnu-tools-for-stm32.9-2020-q2-update.win32_1.5.0.202011040924/tools/bin/../lib/gcc/arm-none-eabi/9.3.1/thumb/v7e-m+fp/hard/crtn.o
OUTPUT(Esercitazione 6 - Timers e PWM 3 - Esercizio1 - Interrupt Version.elf elf32-littlearm)
LOAD linker stubs
LOAD c:/st/stm32cubeide_1.6.0/stm32cubeide/plugins/com.st.stm32cube.ide.mcu.externaltools.gnu-tools-for-stm32.9-2020-q2-update.win32_1.5.0.202011040924/tools/bin/../lib/gcc/arm-none-eabi/9.3.1/../../../../arm-none-eabi/lib/thumb/v7e-m+fp/hard\libc.a
LOAD c:/st/stm32cubeide_1.6.0/stm32cubeide/plugins/com.st.stm32cube.ide.mcu.externaltools.gnu-tools-for-stm32.9-2020-q2-update.win32_1.5.0.202011040924/tools/bin/../lib/gcc/arm-none-eabi/9.3.1/../../../../arm-none-eabi/lib/thumb/v7e-m+fp/hard\libm.a
LOAD c:/st/stm32cubeide_1.6.0/stm32cubeide/plugins/com.st.stm32cube.ide.mcu.externaltools.gnu-tools-for-stm32.9-2020-q2-update.win32_1.5.0.202011040924/tools/bin/../lib/gcc/arm-none-eabi/9.3.1/thumb/v7e-m+fp/hard\libgcc.a

.debug_info     0x0000000000000000     0xe9a4
 .debug_info    0x0000000000000000      0x933 Core/Src/custom_lib/ADC_sensor.o
 .debug_info    0x0000000000000933     0x1a08 Core/Src/main.o
 .debug_info    0x000000000000233b     0x1373 Core/Src/stm32f4xx_hal_msp.o
 .debug_info    0x00000000000036ae      0x713 Core/Src/stm32f4xx_it.o
 .debug_info    0x0000000000003dc1      0x5dc Core/Src/system_stm32f4xx.o
 .debug_info    0x000000000000439d       0x22 Core/Startup/startup_stm32f446retx.o
 .debug_info    0x00000000000043bf      0xa08 Drivers/STM32F4xx_HAL_Driver/Src/stm32f4xx_hal.o
 .debug_info    0x0000000000004dc7      0xdbc Drivers/STM32F4xx_HAL_Driver/Src/stm32f4xx_hal_adc.o
 .debug_info    0x0000000000005b83      0xc22 Drivers/STM32F4xx_HAL_Driver/Src/stm32f4xx_hal_adc_ex.o
 .debug_info    0x00000000000067a5      0xef5 Drivers/STM32F4xx_HAL_Driver/Src/stm32f4xx_hal_cortex.o
 .debug_info    0x000000000000769a      0x892 Drivers/STM32F4xx_HAL_Driver/Src/stm32f4xx_hal_gpio.o
 .debug_info    0x0000000000007f2c      0x9db Drivers/STM32F4xx_HAL_Driver/Src/stm32f4xx_hal_rcc.o
 .debug_info    0x0000000000008907      0xa86 Drivers/STM32F4xx_HAL_Driver/Src/stm32f4xx_hal_rcc_ex.o
 .debug_info    0x000000000000938d     0x2a90 Drivers/STM32F4xx_HAL_Driver/Src/stm32f4xx_hal_tim.o
 .debug_info    0x000000000000be1d     0x1522 Drivers/STM32F4xx_HAL_Driver/Src/stm32f4xx_hal_tim_ex.o
 .debug_info    0x000000000000d33f     0x1665 Drivers/STM32F4xx_HAL_Driver/Src/stm32f4xx_hal_uart.o

.debug_abbrev   0x0000000000000000     0x20d7
 .debug_abbrev  0x0000000000000000      0x1b8 Core/Src/custom_lib/ADC_sensor.o
 .debug_abbrev  0x00000000000001b8      0x30a Core/Src/main.o
 .debug_abbrev  0x00000000000004c2      0x211 Core/Src/stm32f4xx_hal_msp.o
 .debug_abbrev  0x00000000000006d3      0x174 Core/Src/stm32f4xx_it.o
 .debug_abbrev  0x0000000000000847      0x145 Core/Src/system_stm32f4xx.o
 .debug_abbrev  0x000000000000098c       0x12 Core/Startup/startup_stm32f446retx.o
 .debug_abbrev  0x000000000000099e      0x1ed Drivers/STM32F4xx_HAL_Driver/Src/stm32f4xx_hal.o
 .debug_abbrev  0x0000000000000b8b      0x22f Drivers/STM32F4xx_HAL_Driver/Src/stm32f4xx_hal_adc.o
 .debug_abbrev  0x0000000000000dba      0x24a Drivers/STM32F4xx_HAL_Driver/Src/stm32f4xx_hal_adc_ex.o
 .debug_abbrev  0x0000000000001004      0x33c Drivers/STM32F4xx_HAL_Driver/Src/stm32f4xx_hal_cortex.o
 .debug_abbrev  0x0000000000001340      0x1f1 Drivers/STM32F4xx_HAL_Driver/Src/stm32f4xx_hal_gpio.o
 .debug_abbrev  0x0000000000001531      0x275 Drivers/STM32F4xx_HAL_Driver/Src/stm32f4xx_hal_rcc.o
 .debug_abbrev  0x00000000000017a6      0x1e2 Drivers/STM32F4xx_HAL_Driver/Src/stm32f4xx_hal_rcc_ex.o
 .debug_abbrev  0x0000000000001988      0x25e Drivers/STM32F4xx_HAL_Driver/Src/stm32f4xx_hal_tim.o
 .debug_abbrev  0x0000000000001be6      0x266 Drivers/STM32F4xx_HAL_Driver/Src/stm32f4xx_hal_tim_ex.o
 .debug_abbrev  0x0000000000001e4c      0x28b Drivers/STM32F4xx_HAL_Driver/Src/stm32f4xx_hal_uart.o

.debug_aranges  0x0000000000000000      0xdc8
 .debug_aranges
                0x0000000000000000       0x40 Core/Src/custom_lib/ADC_sensor.o
 .debug_aranges
                0x0000000000000040       0x70 Core/Src/main.o
 .debug_aranges
                0x00000000000000b0       0x58 Core/Src/stm32f4xx_hal_msp.o
 .debug_aranges
                0x0000000000000108       0x60 Core/Src/stm32f4xx_it.o
 .debug_aranges
                0x0000000000000168       0x28 Core/Src/system_stm32f4xx.o
 .debug_aranges
                0x0000000000000190       0x28 Core/Startup/startup_stm32f446retx.o
 .debug_aranges
                0x00000000000001b8       0xf0 Drivers/STM32F4xx_HAL_Driver/Src/stm32f4xx_hal.o
 .debug_aranges
                0x00000000000002a8       0xe8 Drivers/STM32F4xx_HAL_Driver/Src/stm32f4xx_hal_adc.o
 .debug_aranges
                0x0000000000000390       0x90 Drivers/STM32F4xx_HAL_Driver/Src/stm32f4xx_hal_adc_ex.o
 .debug_aranges
                0x0000000000000420      0x118 Drivers/STM32F4xx_HAL_Driver/Src/stm32f4xx_hal_cortex.o
 .debug_aranges
                0x0000000000000538       0x58 Drivers/STM32F4xx_HAL_Driver/Src/stm32f4xx_hal_gpio.o
 .debug_aranges
                0x0000000000000590       0x88 Drivers/STM32F4xx_HAL_Driver/Src/stm32f4xx_hal_rcc.o
 .debug_aranges
                0x0000000000000618       0x78 Drivers/STM32F4xx_HAL_Driver/Src/stm32f4xx_hal_rcc_ex.o
 .debug_aranges
                0x0000000000000690      0x3d0 Drivers/STM32F4xx_HAL_Driver/Src/stm32f4xx_hal_tim.o
 .debug_aranges
                0x0000000000000a60      0x168 Drivers/STM32F4xx_HAL_Driver/Src/stm32f4xx_hal_tim_ex.o
 .debug_aranges
                0x0000000000000bc8      0x200 Drivers/STM32F4xx_HAL_Driver/Src/stm32f4xx_hal_uart.o

.debug_ranges   0x0000000000000000      0xd00
 .debug_ranges  0x0000000000000000       0x30 Core/Src/custom_lib/ADC_sensor.o
 .debug_ranges  0x0000000000000030       0x60 Core/Src/main.o
 .debug_ranges  0x0000000000000090       0x48 Core/Src/stm32f4xx_hal_msp.o
 .debug_ranges  0x00000000000000d8       0x50 Core/Src/stm32f4xx_it.o
 .debug_ranges  0x0000000000000128       0x18 Core/Src/system_stm32f4xx.o
 .debug_ranges  0x0000000000000140       0x20 Core/Startup/startup_stm32f446retx.o
 .debug_ranges  0x0000000000000160       0xe0 Drivers/STM32F4xx_HAL_Driver/Src/stm32f4xx_hal.o
 .debug_ranges  0x0000000000000240       0xd8 Drivers/STM32F4xx_HAL_Driver/Src/stm32f4xx_hal_adc.o
 .debug_ranges  0x0000000000000318       0x80 Drivers/STM32F4xx_HAL_Driver/Src/stm32f4xx_hal_adc_ex.o
 .debug_ranges  0x0000000000000398      0x108 Drivers/STM32F4xx_HAL_Driver/Src/stm32f4xx_hal_cortex.o
 .debug_ranges  0x00000000000004a0       0x48 Drivers/STM32F4xx_HAL_Driver/Src/stm32f4xx_hal_gpio.o
 .debug_ranges  0x00000000000004e8       0x78 Drivers/STM32F4xx_HAL_Driver/Src/stm32f4xx_hal_rcc.o
 .debug_ranges  0x0000000000000560       0x68 Drivers/STM32F4xx_HAL_Driver/Src/stm32f4xx_hal_rcc_ex.o
 .debug_ranges  0x00000000000005c8      0x3c0 Drivers/STM32F4xx_HAL_Driver/Src/stm32f4xx_hal_tim.o
 .debug_ranges  0x0000000000000988      0x158 Drivers/STM32F4xx_HAL_Driver/Src/stm32f4xx_hal_tim_ex.o
 .debug_ranges  0x0000000000000ae0      0x220 Drivers/STM32F4xx_HAL_Driver/Src/stm32f4xx_hal_uart.o

.debug_macro    0x0000000000000000    0x227a8
 .debug_macro   0x0000000000000000      0x1ff Core/Src/custom_lib/ADC_sensor.o
 .debug_macro   0x00000000000001ff      0xaa8 Core/Src/custom_lib/ADC_sensor.o
 .debug_macro   0x0000000000000ca7       0x22 Core/Src/custom_lib/ADC_sensor.o
 .debug_macro   0x0000000000000cc9       0x8e Core/Src/custom_lib/ADC_sensor.o
 .debug_macro   0x0000000000000d57       0x51 Core/Src/custom_lib/ADC_sensor.o
 .debug_macro   0x0000000000000da8      0x103 Core/Src/custom_lib/ADC_sensor.o
 .debug_macro   0x0000000000000eab       0x6a Core/Src/custom_lib/ADC_sensor.o
 .debug_macro   0x0000000000000f15      0x1df Core/Src/custom_lib/ADC_sensor.o
 .debug_macro   0x00000000000010f4      0x2a1 Core/Src/custom_lib/ADC_sensor.o
 .debug_macro   0x0000000000001395       0x2e Core/Src/custom_lib/ADC_sensor.o
 .debug_macro   0x00000000000013c3       0x28 Core/Src/custom_lib/ADC_sensor.o
 .debug_macro   0x00000000000013eb       0x1c Core/Src/custom_lib/ADC_sensor.o
 .debug_macro   0x0000000000001407       0x22 Core/Src/custom_lib/ADC_sensor.o
 .debug_macro   0x0000000000001429       0xdf Core/Src/custom_lib/ADC_sensor.o
 .debug_macro   0x0000000000001508     0x102d Core/Src/custom_lib/ADC_sensor.o
 .debug_macro   0x0000000000002535      0x11f Core/Src/custom_lib/ADC_sensor.o
 .debug_macro   0x0000000000002654    0x1672d Core/Src/custom_lib/ADC_sensor.o
 .debug_macro   0x0000000000018d81       0x43 Core/Src/custom_lib/ADC_sensor.o
 .debug_macro   0x0000000000018dc4     0x3659 Core/Src/custom_lib/ADC_sensor.o
 .debug_macro   0x000000000001c41d      0x174 Core/Src/custom_lib/ADC_sensor.o
 .debug_macro   0x000000000001c591       0x5c Core/Src/custom_lib/ADC_sensor.o
 .debug_macro   0x000000000001c5ed      0xc90 Core/Src/custom_lib/ADC_sensor.o
 .debug_macro   0x000000000001d27d      0x9fe Core/Src/custom_lib/ADC_sensor.o
 .debug_macro   0x000000000001dc7b      0x117 Core/Src/custom_lib/ADC_sensor.o
 .debug_macro   0x000000000001dd92      0x1a0 Core/Src/custom_lib/ADC_sensor.o
 .debug_macro   0x000000000001df32       0x82 Core/Src/custom_lib/ADC_sensor.o
 .debug_macro   0x000000000001dfb4      0x16d Core/Src/custom_lib/ADC_sensor.o
 .debug_macro   0x000000000001e121      0x287 Core/Src/custom_lib/ADC_sensor.o
 .debug_macro   0x000000000001e3a8       0x5f Core/Src/custom_lib/ADC_sensor.o
 .debug_macro   0x000000000001e407      0x236 Core/Src/custom_lib/ADC_sensor.o
 .debug_macro   0x000000000001e63d      0xb5b Core/Src/custom_lib/ADC_sensor.o
 .debug_macro   0x000000000001f198      0x38b Core/Src/custom_lib/ADC_sensor.o
 .debug_macro   0x000000000001f523      0x17d Core/Src/custom_lib/ADC_sensor.o
 .debug_macro   0x000000000001f6a0       0xf9 Core/Src/custom_lib/ADC_sensor.o
 .debug_macro   0x000000000001f799      0x132 Core/Src/custom_lib/ADC_sensor.o
 .debug_macro   0x000000000001f8cb      0x29c Core/Src/custom_lib/ADC_sensor.o
 .debug_macro   0x000000000001fb67       0x2e Core/Src/custom_lib/ADC_sensor.o
 .debug_macro   0x000000000001fb95      0x11a Core/Src/custom_lib/ADC_sensor.o
 .debug_macro   0x000000000001fcaf       0xe8 Core/Src/custom_lib/ADC_sensor.o
 .debug_macro   0x000000000001fd97       0x89 Core/Src/custom_lib/ADC_sensor.o
 .debug_macro   0x000000000001fe20      0x8d1 Core/Src/custom_lib/ADC_sensor.o
 .debug_macro   0x00000000000206f1       0x4d Core/Src/custom_lib/ADC_sensor.o
 .debug_macro   0x000000000002073e      0x295 Core/Src/custom_lib/ADC_sensor.o
 .debug_macro   0x00000000000209d3      0x126 Core/Src/custom_lib/ADC_sensor.o
 .debug_macro   0x0000000000020af9       0x16 Core/Src/custom_lib/ADC_sensor.o
 .debug_macro   0x0000000000020b0f      0x20e Core/Src/main.o
 .debug_macro   0x0000000000020d1d       0x58 Core/Src/main.o
 .debug_macro   0x0000000000020d75      0x205 Core/Src/stm32f4xx_hal_msp.o
 .debug_macro   0x0000000000020f7a      0x20f Core/Src/stm32f4xx_it.o
 .debug_macro   0x0000000000021189      0x1f6 Core/Src/system_stm32f4xx.o
 .debug_macro   0x000000000002137f      0x256 Drivers/STM32F4xx_HAL_Driver/Src/stm32f4xx_hal.o
 .debug_macro   0x00000000000215d5      0x1f7 Drivers/STM32F4xx_HAL_Driver/Src/stm32f4xx_hal_adc.o
 .debug_macro   0x00000000000217cc      0x1f6 Drivers/STM32F4xx_HAL_Driver/Src/stm32f4xx_hal_adc_ex.o
 .debug_macro   0x00000000000219c2      0x1f6 Drivers/STM32F4xx_HAL_Driver/Src/stm32f4xx_hal_cortex.o
 .debug_macro   0x0000000000021bb8      0x1fc Drivers/STM32F4xx_HAL_Driver/Src/stm32f4xx_hal_gpio.o
 .debug_macro   0x0000000000021db4      0x21a Drivers/STM32F4xx_HAL_Driver/Src/stm32f4xx_hal_rcc.o
 .debug_macro   0x0000000000021fce      0x1f6 Drivers/STM32F4xx_HAL_Driver/Src/stm32f4xx_hal_rcc_ex.o
 .debug_macro   0x00000000000221c4      0x1f7 Drivers/STM32F4xx_HAL_Driver/Src/stm32f4xx_hal_tim.o
 .debug_macro   0x00000000000223bb      0x1f6 Drivers/STM32F4xx_HAL_Driver/Src/stm32f4xx_hal_tim_ex.o
 .debug_macro   0x00000000000225b1      0x1f7 Drivers/STM32F4xx_HAL_Driver/Src/stm32f4xx_hal_uart.o

.debug_line     0x0000000000000000     0xf8b8
 .debug_line    0x0000000000000000      0x7cf Core/Src/custom_lib/ADC_sensor.o
 .debug_line    0x00000000000007cf      0x9ab Core/Src/main.o
 .debug_line    0x000000000000117a      0x80d Core/Src/stm32f4xx_hal_msp.o
 .debug_line    0x0000000000001987      0x7d0 Core/Src/stm32f4xx_it.o
 .debug_line    0x0000000000002157      0x78f Core/Src/system_stm32f4xx.o
 .debug_line    0x00000000000028e6       0x88 Core/Startup/startup_stm32f446retx.o
 .debug_line    0x000000000000296e      0x9f5 Drivers/STM32F4xx_HAL_Driver/Src/stm32f4xx_hal.o
 .debug_line    0x0000000000003363     0x1285 Drivers/STM32F4xx_HAL_Driver/Src/stm32f4xx_hal_adc.o
 .debug_line    0x00000000000045e8      0xeb5 Drivers/STM32F4xx_HAL_Driver/Src/stm32f4xx_hal_adc_ex.o
 .debug_line    0x000000000000549d      0xca4 Drivers/STM32F4xx_HAL_Driver/Src/stm32f4xx_hal_cortex.o
 .debug_line    0x0000000000006141      0xb59 Drivers/STM32F4xx_HAL_Driver/Src/stm32f4xx_hal_gpio.o
 .debug_line    0x0000000000006c9a      0xd7d Drivers/STM32F4xx_HAL_Driver/Src/stm32f4xx_hal_rcc.o
 .debug_line    0x0000000000007a17     0x1403 Drivers/STM32F4xx_HAL_Driver/Src/stm32f4xx_hal_rcc_ex.o
 .debug_line    0x0000000000008e1a     0x3621 Drivers/STM32F4xx_HAL_Driver/Src/stm32f4xx_hal_tim.o
 .debug_line    0x000000000000c43b     0x19c2 Drivers/STM32F4xx_HAL_Driver/Src/stm32f4xx_hal_tim_ex.o
 .debug_line    0x000000000000ddfd     0x1abb Drivers/STM32F4xx_HAL_Driver/Src/stm32f4xx_hal_uart.o

.debug_str      0x0000000000000000    0xd8ff7
 .debug_str     0x0000000000000000    0xd50dd Core/Src/custom_lib/ADC_sensor.o
                                      0xd541b (size before relaxing)
 .debug_str     0x00000000000d50dd      0xf6a Core/Src/main.o
                                      0xd63d7 (size before relaxing)
 .debug_str     0x00000000000d6047       0xc7 Core/Src/stm32f4xx_hal_msp.o
                                      0xd6053 (size before relaxing)
 .debug_str     0x00000000000d610e       0xbd Core/Src/stm32f4xx_it.o
                                      0xd54cd (size before relaxing)
 .debug_str     0x00000000000d61cb       0x5b Core/Src/system_stm32f4xx.o
                                      0xd50d8 (size before relaxing)
 .debug_str     0x00000000000d6226       0x36 Core/Startup/startup_stm32f446retx.o
                                         0xaa (size before relaxing)
 .debug_str     0x00000000000d625c      0x58d Drivers/STM32F4xx_HAL_Driver/Src/stm32f4xx_hal.o
                                      0xd5bfb (size before relaxing)
 .debug_str     0x00000000000d67e9      0x284 Drivers/STM32F4xx_HAL_Driver/Src/stm32f4xx_hal_adc.o
                                      0xd565f (size before relaxing)
 .debug_str     0x00000000000d6a6d      0x302 Drivers/STM32F4xx_HAL_Driver/Src/stm32f4xx_hal_adc_ex.o
                                      0xd5699 (size before relaxing)
 .debug_str     0x00000000000d6d6f      0x34e Drivers/STM32F4xx_HAL_Driver/Src/stm32f4xx_hal_cortex.o
                                      0xd59c5 (size before relaxing)
 .debug_str     0x00000000000d70bd      0x15f Drivers/STM32F4xx_HAL_Driver/Src/stm32f4xx_hal_gpio.o
                                      0xd527f (size before relaxing)
 .debug_str     0x00000000000d721c      0x259 Drivers/STM32F4xx_HAL_Driver/Src/stm32f4xx_hal_rcc.o
                                      0xd54df (size before relaxing)
 .debug_str     0x00000000000d7475      0x324 Drivers/STM32F4xx_HAL_Driver/Src/stm32f4xx_hal_rcc_ex.o
                                      0xd553c (size before relaxing)
 .debug_str     0x00000000000d7799      0xd83 Drivers/STM32F4xx_HAL_Driver/Src/stm32f4xx_hal_tim.o
                                      0xd63db (size before relaxing)
 .debug_str     0x00000000000d851c      0x4ee Drivers/STM32F4xx_HAL_Driver/Src/stm32f4xx_hal_tim_ex.o
                                      0xd5b8c (size before relaxing)
 .debug_str     0x00000000000d8a0a      0x5ed Drivers/STM32F4xx_HAL_Driver/Src/stm32f4xx_hal_uart.o
                                      0xd5a17 (size before relaxing)

.comment        0x0000000000000000       0x53
 .comment       0x0000000000000000       0x53 Core/Src/custom_lib/ADC_sensor.o
                                         0x54 (size before relaxing)
 .comment       0x0000000000000053       0x54 Core/Src/main.o
 .comment       0x0000000000000053       0x54 Core/Src/stm32f4xx_hal_msp.o
 .comment       0x0000000000000053       0x54 Core/Src/stm32f4xx_it.o
 .comment       0x0000000000000053       0x54 Core/Src/system_stm32f4xx.o
 .comment       0x0000000000000053       0x54 Drivers/STM32F4xx_HAL_Driver/Src/stm32f4xx_hal.o
 .comment       0x0000000000000053       0x54 Drivers/STM32F4xx_HAL_Driver/Src/stm32f4xx_hal_adc.o
 .comment       0x0000000000000053       0x54 Drivers/STM32F4xx_HAL_Driver/Src/stm32f4xx_hal_adc_ex.o
 .comment       0x0000000000000053       0x54 Drivers/STM32F4xx_HAL_Driver/Src/stm32f4xx_hal_cortex.o
 .comment       0x0000000000000053       0x54 Drivers/STM32F4xx_HAL_Driver/Src/stm32f4xx_hal_gpio.o
 .comment       0x0000000000000053       0x54 Drivers/STM32F4xx_HAL_Driver/Src/stm32f4xx_hal_rcc.o
 .comment       0x0000000000000053       0x54 Drivers/STM32F4xx_HAL_Driver/Src/stm32f4xx_hal_rcc_ex.o
 .comment       0x0000000000000053       0x54 Drivers/STM32F4xx_HAL_Driver/Src/stm32f4xx_hal_tim.o
 .comment       0x0000000000000053       0x54 Drivers/STM32F4xx_HAL_Driver/Src/stm32f4xx_hal_tim_ex.o
 .comment       0x0000000000000053       0x54 Drivers/STM32F4xx_HAL_Driver/Src/stm32f4xx_hal_uart.o

.debug_frame    0x0000000000000000     0x3a1c
 .debug_frame   0x0000000000000000       0xc8 Core/Src/custom_lib/ADC_sensor.o
 .debug_frame   0x00000000000000c8      0x180 Core/Src/main.o
 .debug_frame   0x0000000000000248      0x138 Core/Src/stm32f4xx_hal_msp.o
 .debug_frame   0x0000000000000380      0x104 Core/Src/stm32f4xx_it.o
 .debug_frame   0x0000000000000484       0x58 Core/Src/system_stm32f4xx.o
 .debug_frame   0x00000000000004dc      0x374 Drivers/STM32F4xx_HAL_Driver/Src/stm32f4xx_hal.o
 .debug_frame   0x0000000000000850      0x3fc Drivers/STM32F4xx_HAL_Driver/Src/stm32f4xx_hal_adc.o
 .debug_frame   0x0000000000000c4c      0x250 Drivers/STM32F4xx_HAL_Driver/Src/stm32f4xx_hal_adc_ex.o
 .debug_frame   0x0000000000000e9c      0x498 Drivers/STM32F4xx_HAL_Driver/Src/stm32f4xx_hal_cortex.o
 .debug_frame   0x0000000000001334      0x14c Drivers/STM32F4xx_HAL_Driver/Src/stm32f4xx_hal_gpio.o
 .debug_frame   0x0000000000001480      0x1f0 Drivers/STM32F4xx_HAL_Driver/Src/stm32f4xx_hal_rcc.o
 .debug_frame   0x0000000000001670      0x1e8 Drivers/STM32F4xx_HAL_Driver/Src/stm32f4xx_hal_rcc_ex.o
 .debug_frame   0x0000000000001858     0x11bc Drivers/STM32F4xx_HAL_Driver/Src/stm32f4xx_hal_tim.o
 .debug_frame   0x0000000000002a14      0x638 Drivers/STM32F4xx_HAL_Driver/Src/stm32f4xx_hal_tim_ex.o
 .debug_frame   0x000000000000304c      0x924 Drivers/STM32F4xx_HAL_Driver/Src/stm32f4xx_hal_uart.o
 .debug_frame   0x0000000000003970       0x2c c:/st/stm32cubeide_1.6.0/stm32cubeide/plugins/com.st.stm32cube.ide.mcu.externaltools.gnu-tools-for-stm32.9-2020-q2-update.win32_1.5.0.202011040924/tools/bin/../lib/gcc/arm-none-eabi/9.3.1/../../../../arm-none-eabi/lib/thumb/v7e-m+fp/hard\libc_nano.a(lib_a-init.o)
 .debug_frame   0x000000000000399c       0x20 c:/st/stm32cubeide_1.6.0/stm32cubeide/plugins/com.st.stm32cube.ide.mcu.externaltools.gnu-tools-for-stm32.9-2020-q2-update.win32_1.5.0.202011040924/tools/bin/../lib/gcc/arm-none-eabi/9.3.1/../../../../arm-none-eabi/lib/thumb/v7e-m+fp/hard\libc_nano.a(lib_a-memset.o)
 .debug_frame   0x00000000000039bc       0x2c c:/st/stm32cubeide_1.6.0/stm32cubeide/plugins/com.st.stm32cube.ide.mcu.externaltools.gnu-tools-for-stm32.9-2020-q2-update.win32_1.5.0.202011040924/tools/bin/../lib/gcc/arm-none-eabi/9.3.1/thumb/v7e-m+fp/hard\libgcc.a(_aeabi_uldivmod.o)
 .debug_frame   0x00000000000039e8       0x34 c:/st/stm32cubeide_1.6.0/stm32cubeide/plugins/com.st.stm32cube.ide.mcu.externaltools.gnu-tools-for-stm32.9-2020-q2-update.win32_1.5.0.202011040924/tools/bin/../lib/gcc/arm-none-eabi/9.3.1/thumb/v7e-m+fp/hard\libgcc.a(_udivmoddi4.o)
